// Jest Snapshot v1, https://goo.gl/fbAQLP

exports[`Debe de renderizar correctamente el componente Debe de mostrarse correctamente el componente  1`] = `
<form
  onSubmit={[Function]}
>
  <input
    onChange={[Function]}
    type="text"
    value=""
  />
</form>
`;
