// Jest Snapshot v1, https://goo.gl/fbAQLP

exports[`Debe de mostrar el componente correctamente Mostrar el componente correctamente con props (PropsTypes) oblgatorios. 1`] = `
<div
  className="card animate__animated animate__bounce animate__delay-2s animate_fadeIn"
>
  <img
    alt="Un titulo"
    src="https://titulo.png"
  />
  <p>
    Un titulo
  </p>
</div>
`;
